{"level":"info","ts":1613701971.6108842,"msg":"test"}
